sequence_id	sequence_length_bp	rotate_type	rotate_value
sequence1	20	position	8
sequence2	12	position	8
sequence3	8	position	8
