sequence_id	sequence_length_bp	rotate_type	rotate_value
sequence1	20	position	1
sequence2	12	position	1
sequence3	8	position	1
